	Command being timed: "env CUDA_VISIBLE_DEVICES= OMP_NUM_THREADS=1 OPENBLAS_NUM_THREADS=1 MKL_NUM_THREADS=1 ionice -c3 nice -n 19 /ssd/hhw/depth-processing/.venv/bin/python /ssd/hhw/depth-processing/scripts/evaluate_depth_quality_evidence.py --root /ssd/hhw/depth-processing --output-dir /ssd/hhw/depth-processing/outputs/depth_quality_evidence_v1"
	User time (seconds): 88.88
	System time (seconds): 70.67
	Percent of CPU this job got: 256%
	Elapsed (wall clock) time (h:mm:ss or m:ss): 1:02.22
	Average shared text size (kbytes): 0
	Average unshared data size (kbytes): 0
	Average stack size (kbytes): 0
	Average total size (kbytes): 0
	Maximum resident set size (kbytes): 211996
	Average resident set size (kbytes): 0
	Major (requiring I/O) page faults: 0
	Minor (reclaiming a frame) page faults: 2697139
	Voluntary context switches: 260041
	Involuntary context switches: 427588
	Swaps: 0
	File system inputs: 0
	File system outputs: 912
	Socket messages sent: 0
	Socket messages received: 0
	Signals delivered: 0
	Page size (bytes): 4096
	Exit status: 0
